Raman轴处理模式：union_with_valid_mask；统一物理轴=600.000–2500.000 cm^-1；点数=1901
逐样本有效点数统计：1401点×600条，1901点×1920条

===== D4 pred_x0 target-range audit =====
training spectra = 1512
condition count = 126
valid target points = 2694312

===== 全局target绝对值 =====
P99 |target| = 0.49117544
P99.9 |target| = 0.60466324
max |target| = 0.81102145
|target| > 1 point fraction = 0.00000000%
|target| > 1.2 point fraction = 0.00000000%
|target| > 1.5 point fraction = 0.00000000%
|target| > 2 point fraction = 0.00000000%

===== |target|>1最严重的15个条件 =====
condition | >1 points | >1 spectra | P99 | P99.9 | max | mult[min/med/p99/max] | mult@0.25 | mult@4
DEL-H_TEB-M_CHL-S_soil | 0.000000% | 0.00% | 0.6356 | 0.7442 | 0.8110 | 0.479/1.000/1.903/1.903 | 0.000% | 0.000%
DEL-S_TEB-H_CHL-M_water | 0.000000% | 0.00% | 0.5891 | 0.6861 | 0.7900 | 0.443/1.000/1.651/1.651 | 0.000% | 0.000%
DEL-S_TEB-S_CHL-M_water | 0.000000% | 0.00% | 0.6224 | 0.7149 | 0.7742 | 0.517/1.000/1.645/1.645 | 0.000% | 0.000%
DEL-S_TEB-M_CHL-H_soil | 0.000000% | 0.00% | 0.6018 | 0.6887 | 0.7689 | 0.539/1.000/1.920/1.920 | 0.000% | 0.000%
TEB-M_CHL-M_water | 0.000000% | 0.00% | 0.5721 | 0.6611 | 0.7628 | 0.461/1.000/1.645/1.645 | 0.000% | 0.000%
DEL-S_TEB-S_CHL-S_soil | 0.000000% | 0.00% | 0.5337 | 0.6449 | 0.7502 | 0.454/1.000/1.839/1.839 | 0.000% | 0.000%
DEL-S_TEB-S_CHL-S_water | 0.000000% | 0.00% | 0.5493 | 0.6620 | 0.7439 | 0.419/1.000/1.642/1.642 | 0.000% | 0.000%
DEL-S_TEB-H_CHL-S_water | 0.000000% | 0.00% | 0.5527 | 0.6418 | 0.7428 | 0.422/1.000/1.681/1.681 | 0.000% | 0.000%
DEL-M_TEB-M_CHL-S_soil | 0.000000% | 0.00% | 0.5731 | 0.6556 | 0.7417 | 0.500/1.000/1.775/1.775 | 0.000% | 0.000%
DEL-H_TEB-H_CHL-H_water | 0.000000% | 0.00% | 0.5665 | 0.6639 | 0.7328 | 0.454/1.000/1.634/1.634 | 0.000% | 0.000%
DEL-M_TEB-H_CHL-H_water | 0.000000% | 0.00% | 0.5113 | 0.5878 | 0.7311 | 0.339/1.000/1.698/1.698 | 0.000% | 0.000%
DEL-M_TEB-S_CHL-S_soil | 0.000000% | 0.00% | 0.5777 | 0.6658 | 0.7298 | 0.469/1.000/1.855/1.855 | 0.000% | 0.000%
DEL-S_TEB-H_CHL-M_soil | 0.000000% | 0.00% | 0.5474 | 0.6446 | 0.7243 | 0.489/1.000/1.825/1.825 | 0.000% | 0.000%
TEB-H_CHL-S_soil | 0.000000% | 0.00% | 0.5723 | 0.6722 | 0.7201 | 0.453/1.000/1.925/1.925 | 0.000% | 0.000%
DEL-S_TEB-S_CHL-H_water | 0.000000% | 0.00% | 0.5704 | 0.6581 | 0.7141 | 0.405/1.000/1.657/1.657 | 0.000% | 0.000%

===== multiplier边界使用情况 =====
multiplier min = 0.25000000
multiplier median = 1.00000000
multiplier P90 = 1.75538576
multiplier P99 = 2.73976421
multiplier max = 3.13924956
multiplier == 0.25 fraction = 0.01870607%
multiplier == 4.0 fraction = 0.00000000%
===== target-range audit结束 =====


===== D4.2 条件PCA+broad/local先验残差 =====
training PCA cross-fit：True；method=leave_one_out
条件先验数量：126；共享DDPM训练光谱：1512
条件有效点数分布：1401点×30条件，1901点×96条件
每条件训练光谱数：[12]
旧D3复合物理/峰约束：未启用
D3.1自动峰区一阶导数约束：未启用
D3.2自动峰区相对峰强约束：未启用
D3.4完整重建谱峰参数物理约束：未启用
D4.3条件/掩码感知多样性约束：已启用；条件数=126；状态仅由training子集拟合
D3特征峰残差limiter：未启用
D4.3条件分组batch：每条件4条；batch_size=8；每batch条件数=2
===== D4.2 管线自检通过 =====
真实batch：8条；loss=0.46871972
掩码损失：已激活；14维条件：已激活；全层FiLM梯度：非零
本次抽取的先验谱输入通道：已激活；先验与局部残差：逐样本配对
条件先验：126套；联合训练光谱：1512条
未执行optimizer.step，未开始正式训练，未保存checkpoint。
