Raman轴处理模式：union_with_valid_mask；统一物理轴=600.000–2500.000 cm^-1；点数=1901
逐样本有效点数统计：1401点×600条，1901点×1920条

===== D4.2 条件PCA+broad/local先验残差 =====
条件先验数量：126；共享DDPM训练光谱：1512
条件有效点数分布：1401点×30条件，1901点×96条件
每条件训练光谱数：[12]
旧D3复合物理/峰约束：未启用
D3.1自动峰区一阶导数约束：未启用
D3.2自动峰区相对峰强约束：未启用
D3.4完整重建谱峰参数物理约束：未启用
D4.3条件/掩码感知多样性约束：已启用；条件数=126；状态仅由training子集拟合
D3特征峰残差limiter：未启用
D4.3条件分组batch：每条件4条；batch_size=8；每batch条件数=2

===== 开始训练 =====
设备：cuda
实验名称：d4_3_2_13_medium
文件夹标签：CHL、CHL_TEB、DEL、DEL_CHL、DEL_TEB、DEL_TEB_CHL、TEB
总光谱数量：2520
D4化学条件：启用；条件向量=14维；组合条件数量=126
条件注入：input_and_all_resnet_blocks_film
训练/验证/测试光谱数量：1512/504/504
各原始拉曼轴点数：[1401, 1901]
统一训练轴长度：1901
模型输入长度：1904
末尾补齐点数：3
每个epoch的step：189
总训练step：1512
真实输入光谱额外平滑或去基线：不执行
D4.2 条件PCA+broad-local residual：已启用
D4.2 DDPM数量：1（全部训练光谱联合训练）
D4.2 条件先验状态数量：126
D3物理/峰约束：未启用
训练集原始强度范围：-107.97828–822.57281
模型缩放残差输入范围：-2.1827776–2.3594952
====================

LOCAL_DIAG TRAIN raw_global_rmse=0.00468063 scaled_global_rmse=0.21576028 raw_sample_mean=0.00430038 scaled_sample_mean=0.20581711
LOCAL_DIAG TRAIN axis=1401 raw_rmse=0.00294542 scaled_rmse=0.17825567
LOCAL_DIAG TRAIN axis=1901 raw_rmse=0.00472381 scaled_rmse=0.21443005
LOCAL_DIAG VAL raw_global_rmse=0.00939002 scaled_global_rmse=0.39780332 raw_sample_mean=0.00884442 scaled_sample_mean=0.38859896
LOCAL_DIAG VAL axis=1401 raw_rmse=0.00599217 scaled_rmse=0.33629063
LOCAL_DIAG VAL axis=1901 raw_rmse=0.00973575 scaled_rmse=0.40494531
LOCAL_DIAG RATIO raw=2.0061 scaled=1.8437
LOCAL_DIAG AXIS_RATIO axis=1401 raw=2.0344 scaled=1.8866
LOCAL_DIAG AXIS_RATIO axis=1901 raw=2.0610 scaled=1.8885
LOCAL_DIAG CONDITION_RATIO conditions=126 raw_mean=2.0698 raw_median=2.0554 scaled_mean=1.8904 scaled_median=1.8870
