Raman轴处理模式：union_with_valid_mask；统一物理轴=600.000–2500.000 cm^-1；点数=1901
逐样本有效点数统计：1401点×600条，1901点×1920条
PRIOR_STAGE_DIAG capture_scaled_max_error=0.0000000000

===== D4.2 条件PCA+broad/local先验残差 =====
条件先验数量：126；共享DDPM训练光谱：1512
条件有效点数分布：1401点×30条件，1901点×96条件
每条件训练光谱数：[12]
旧D3复合物理/峰约束：未启用
D3.1自动峰区一阶导数约束：未启用
D3.2自动峰区相对峰强约束：未启用
D3.4完整重建谱峰参数物理约束：未启用
D4.3条件/掩码感知多样性约束：已启用；条件数=126；状态仅由training子集拟合
D3特征峰残差limiter：未启用
D4.3条件分组batch：每条件4条；batch_size=8；每batch条件数=2

===== 开始训练 =====
设备：cuda
实验名称：d4_3_2_13_medium
文件夹标签：CHL、CHL_TEB、DEL、DEL_CHL、DEL_TEB、DEL_TEB_CHL、TEB
总光谱数量：2520
D4化学条件：启用；条件向量=14维；组合条件数量=126
条件注入：input_and_all_resnet_blocks_film
训练/验证/测试光谱数量：1512/504/504
各原始拉曼轴点数：[1401, 1901]
统一训练轴长度：1901
模型输入长度：1904
末尾补齐点数：3
每个epoch的step：189
总训练step：1512
真实输入光谱额外平滑或去基线：不执行
D4.2 条件PCA+broad-local residual：已启用
D4.2 DDPM数量：1（全部训练光谱联合训练）
D4.2 条件先验状态数量：126
D3物理/峰约束：未启用
训练集原始强度范围：-107.97828–822.57281
模型缩放残差输入范围：-2.1827776–2.3594952
====================

PRIOR_STAGE_DIAG stage=pca_raw train_rmse=0.00834069 val_rmse=0.01843255 ratio=2.2100
PRIOR_STAGE_DIAG stage=broad train_rmse=0.00564792 val_rmse=0.01328415 ratio=2.3520
PRIOR_STAGE_DIAG stage=local_raw train_rmse=0.00468063 val_rmse=0.00939002 ratio=2.0061
PRIOR_STAGE_DIAG stage=scaled train_rmse=0.21576028 val_rmse=0.39780332 ratio=1.8437
PRIOR_STAGE_DIAG AXIS stage=pca_raw axis=1401 train=0.00527295 val=0.01102869 ratio=2.0916
PRIOR_STAGE_DIAG AXIS stage=pca_raw axis=1901 train=0.00833689 val=0.01903635 ratio=2.2834
PRIOR_STAGE_DIAG AXIS stage=local_raw axis=1401 train=0.00294542 val=0.00599217 ratio=2.0344
PRIOR_STAGE_DIAG AXIS stage=local_raw axis=1901 train=0.00472381 val=0.00973575 ratio=2.0610
PRIOR_STAGE_DIAG AXIS stage=scaled axis=1401 train=0.17825567 val=0.33629063 ratio=1.8866
PRIOR_STAGE_DIAG AXIS stage=scaled axis=1901 train=0.21443005 val=0.40494531 ratio=1.8885
