Raman轴处理模式：union_with_valid_mask；统一物理轴=600.000–2500.000 cm^-1；点数=1901
逐样本有效点数统计：1401点×600条，1901点×1920条

===== D4.2 条件PCA+broad/local先验残差 =====
条件先验数量：126；共享DDPM训练光谱：1512
条件有效点数分布：1401点×30条件，1901点×96条件
每条件训练光谱数：[12]
旧D3复合物理/峰约束：未启用
D3.1自动峰区一阶导数约束：未启用
D3.2自动峰区相对峰强约束：未启用
D3.4完整重建谱峰参数物理约束：未启用
D4.3条件/掩码感知多样性约束：已启用；条件数=126；状态仅由training子集拟合
D3特征峰残差limiter：未启用
D4.3条件分组batch：每条件4条；batch_size=8；每batch条件数=2

===== 开始训练 =====
设备：cuda
实验名称：d4_3_2_13_medium
文件夹标签：CHL、CHL_TEB、DEL、DEL_CHL、DEL_TEB、DEL_TEB_CHL、TEB
总光谱数量：2520
D4化学条件：启用；条件向量=14维；组合条件数量=126
条件注入：input_and_all_resnet_blocks_film
训练/验证/测试光谱数量：1512/504/504
各原始拉曼轴点数：[1401, 1901]
统一训练轴长度：1901
模型输入长度：1904
末尾补齐点数：3
每个epoch的step：189
总训练step：1512
真实输入光谱额外平滑或去基线：不执行
D4.2 条件PCA+broad-local residual：已启用
D4.2 DDPM数量：1（全部训练光谱联合训练）
D4.2 条件先验状态数量：126
D3物理/峰约束：未启用
训练集原始强度范围：-107.97828–822.57281
模型缩放残差输入范围：-2.1827776–2.3594952
====================

RESIDUAL_DIAG TRAIN samples=1512 global_rmse=0.215760 global_mae=0.160847 sample_rmse_mean=0.205817 sample_rmse_median=0.208475 sample_std_mean=0.205817
RESIDUAL_DIAG TRAIN axis=1401 n=360 rmse_mean=0.178256 rmse_median=0.179314
RESIDUAL_DIAG TRAIN axis=1901 n=1152 rmse_mean=0.214430 rmse_median=0.219728
RESIDUAL_DIAG TRAIN condition_count=126
RESIDUAL_DIAG VAL samples=504 global_rmse=0.397803 global_mae=0.308481 sample_rmse_mean=0.388599 sample_rmse_median=0.385547 sample_std_mean=0.388597
RESIDUAL_DIAG VAL axis=1401 n=120 rmse_mean=0.336291 rmse_median=0.336210
RESIDUAL_DIAG VAL axis=1901 n=384 rmse_mean=0.404945 rmse_median=0.401765
RESIDUAL_DIAG VAL condition_count=126
RESIDUAL_DIAG RATIO global_rmse=1.8437 global_mae=1.9179
RESIDUAL_DIAG AXIS_RATIO axis=1401 ratio=1.8866
RESIDUAL_DIAG AXIS_RATIO axis=1901 ratio=1.8885
RESIDUAL_DIAG CONDITION_RATIO conditions=126 mean=1.8904 median=1.8870 p90=2.0624 min=1.4406 max=2.4139
